// Jest Snapshot v1, https://goo.gl/fbAQLP

exports[`Query.getRandomUsers should fetch random users 1`] = `
Object {
  "randomUsers": Array [],
}
`;
